// Jest Snapshot v1, https://goo.gl/fbAQLP

exports[`<Nav/> renders a minimal nav when signed out 1`] = `
<ul
  className="NavStyles-sc-1f4bo3z-0 dFjWYy"
  data-test="nav"
>
  <Link
    href="/buy"
  >
    <a
      href="/buy"
      onClick={[Function]}
    >
      Buy
    </a>
  </Link>
  <Link
    href="/register"
  >
    <a
      href="/register"
      onClick={[Function]}
    >
      Log In/Register
    </a>
  </Link>
</ul>
`;

exports[`<Nav/> renders the amount of items in the cart 1`] = `
<div
  className="count CartCount__Dot-sc-1oqxbi2-1 guxith"
>
  9
</div>
`;
