// Jest Snapshot v1, https://goo.gl/fbAQLP

exports[`<Pagination/> renders pagination for 18 items 1`] = `
<div
  className="PaginationStyles-sc-173s3gn-0 bKzvaT"
  data-test="pagination"
>
  <SideEffect(Head)>
    <Head />
  </SideEffect(Head)>
  <Link
    href={
      Object {
        "pathname": "buy",
        "query": Object {
          "page": 0,
        },
      }
    }
    prefetch={true}
  >
    <a
      aria-disabled={true}
      className="prev"
      href="buy?page=0"
      onClick={[Function]}
    >
      ←
    </a>
  </Link>
  <p>
    Page 
    1
    /
    <span
      className="totalPages"
    >
      5
    </span>
  </p>
  <p>
    Total: 
    18
     items
  </p>
  <Link
    href={
      Object {
        "pathname": "buy",
        "query": Object {
          "page": 2,
        },
      }
    }
    prefetch={true}
  >
    <a
      aria-disabled={false}
      className="next"
      href="buy?page=2"
      onClick={[Function]}
    >
      →
    </a>
  </Link>
</div>
`;
