// Jest Snapshot v1, https://goo.gl/fbAQLP

exports[`<RequestReset/> renders and matches snapshot 1`] = `
<form
  className="Form-sc-1daxlju-0 fLMzho"
  data-test="form"
  method="post"
  onSubmit={[Function]}
>
  <fieldset
    aria-busy={false}
    disabled={false}
  >
    <h2>
      Forgot password?
    </h2>
    <DisplayError
      error={Object {}}
    />
    <label
      htmlFor="email"
    >
      <input
        name="email"
        onChange={[Function]}
        placeholder="email"
        type="email"
        value=""
      />
    </label>
    <button
      type="submit"
    >
      Reset password
    </button>
  </fieldset>
</form>
`;
