// Jest Snapshot v1, https://goo.gl/fbAQLP

exports[`<ItemDetail/> Errors with a not found item 1`] = `
<p
  data-test="graphql-error"
>
  Items Not Found!
</p>
`;

exports[`<ItemDetail/> renders with proper data 1`] = `
<h2>
  dogs are best
</h2>
`;

exports[`<ItemDetail/> renders with proper data 2`] = `
<img
  alt="dogs are best"
  src="dog.jpg"
/>
`;

exports[`<ItemDetail/> renders with proper data 3`] = `
<p>
  dogs
</p>
`;
